[config] substrate=overt n_per_class=500 layer=12 max_new_tokens=40 seed=0 bootstrap=10000
[preregistered 2026-08-08] falsifiers:
  F1  drift-detector-clears-its-bar: On the DISGUISED substrate, the paper's own training-free sliding-window projection (threshold_freeform) beats the completion-channel binding confound bar. FALSE if AUC(threshold_freeform) <= confound.worst_auc.
  F2  decoding beats the prompt (THE PAPER'S CLAIM): The best trajectory detector beats a prompt-only bag-of-words classifier on the same prompts. FALSE if max_method_auc <= prompt_channel.content.auc. This is the comparative claim TrajGuard actually makes and the one this lesson never tested.
  F3  the substrate contrast (the pedagogy): threshold_freeform's margin over its own bar is LARGER on DISGUISED than on OVERT. FALSE if margin(disguised) <= margin(overt). Requires both arms; the runner computes it whenever both results files exist.
  F4  streaming earns its keep: At some K in EARLY_KS an early-detection AUC beats the confound bar computed on the SAME first-K truncation. FALSE if early_auc(K) <= early_confound(K).worst_auc for every K.
  F5  the OOD arm transfers: Detectors trained in-domain keep a positive margin over the OOD arm's own prompt-content bar. FALSE if ood_max_method_auc <= ood.prompt_channel.content.auc.
  F0  leakage control (must pass for any of the above to mean anything): The label-shuffle control lands near chance. The run is INVALID if confound.shuffle.auc > 0.60 -- that is leakage, not signal.
[transformers] `torch_dtype` is deprecated! Use `dtype` instead!
Loading weights:   0%|          | 0/340 [00:00<?, ?it/s]Loading weights:  19%|█▊        | 63/340 [00:00<00:00, 606.91it/s]Loading weights:  37%|███▋      | 127/340 [00:00<00:00, 621.83it/s]Loading weights:  95%|█████████▌| 323/340 [00:00<00:00, 1222.14it/s]Loading weights: 100%|██████████| 340/340 [00:00<00:00, 1108.57it/s]
[model] loaded models/google/gemma-3-1b-it on cuda (26 layers, hidden=1152)
[trajguard.data] 20/1000 captured
[trajguard.data] 40/1000 captured
[trajguard.data] 60/1000 captured
[trajguard.data] 80/1000 captured
[trajguard.data] 100/1000 captured
[trajguard.data] 120/1000 captured
[trajguard.data] 140/1000 captured
[trajguard.data] 160/1000 captured
[trajguard.data] 180/1000 captured
[trajguard.data] 200/1000 captured
[trajguard.data] 220/1000 captured
[trajguard.data] 240/1000 captured
[trajguard.data] 260/1000 captured
[trajguard.data] 280/1000 captured
[trajguard.data] 300/1000 captured
[trajguard.data] 320/1000 captured
[trajguard.data] 340/1000 captured
[trajguard.data] 360/1000 captured
[trajguard.data] 380/1000 captured
[trajguard.data] 400/1000 captured
[trajguard.data] 420/1000 captured
[trajguard.data] 440/1000 captured
[trajguard.data] 460/1000 captured
[trajguard.data] 480/1000 captured
[trajguard.data] 500/1000 captured
[trajguard.data] 520/1000 captured
[trajguard.data] 540/1000 captured
[trajguard.data] 560/1000 captured
[trajguard.data] 580/1000 captured
[trajguard.data] 600/1000 captured
[trajguard.data] 620/1000 captured
[trajguard.data] 640/1000 captured
[trajguard.data] 660/1000 captured
[trajguard.data] 680/1000 captured
[trajguard.data] 700/1000 captured
[trajguard.data] 720/1000 captured
[trajguard.data] 740/1000 captured
[trajguard.data] 760/1000 captured
[trajguard.data] 780/1000 captured
[trajguard.data] 800/1000 captured
[trajguard.data] 820/1000 captured
[trajguard.data] 840/1000 captured
[trajguard.data] 860/1000 captured
[trajguard.data] 880/1000 captured
[trajguard.data] 900/1000 captured
[trajguard.data] 920/1000 captured
[trajguard.data] 940/1000 captured
[trajguard.data] 960/1000 captured
[trajguard.data] 980/1000 captured
[trajguard.data] 1000/1000 captured
[trajguard.data] substrate=overt built 1000 trajectories (harmful=500 benign=500, skipped=0) | mean_len harmful=39.6 benign=38.5 | cached -> token_trajectories_overt.npz
[gate] rule 1 OK: 500/class >= the 500/class floor.
[data] trajectories=1000 harmful=500 benign=500 mean_len_h=39.6 mean_len_b=38.5
[confound] COMPLETION channel:
CONFOUND REPORT  n=1000 (pos=500 neg=500) seed=0
  bar       raw       directionless detail
  length    0.8155    0.8155    mean pos=196.6 neg=159.8
  count     0.5290    0.5290    mean pos=39.6 neg=38.5
  content   0.9083    0.9083    5 folds
  shuffle   0.4856    0.5144    5 folds
  BINDING BAR: content = 0.9083  (a method must beat THIS, not 0.5)
  -- hidden-state geometry bars (this lesson's addition) --
  mean_norm 0.6091    0.6091    mean pos=6229.17 neg=6042.81
  final_norm 0.6019    0.6019    mean pos=6202.66 neg=5944.21
  BINDING BAR (all bars, shuffle excluded): content = 0.9083
[confound] PROMPT channel (a RIVAL METHOD, not a bar):
CONFOUND REPORT  n=1000 (pos=500 neg=500) seed=0
  bar       raw       directionless detail
  length    0.4953    0.5047    mean pos=232.3 neg=245.9
  content   0.8779    0.8779    5 folds
  shuffle   0.5077    0.5077    5 folds
  BINDING BAR: content = 0.8779  (a method must beat THIS, not 0.5)
[method:threshold_freeform] auc=0.742 ci=[0.711,0.773] f1=0.365 acc=0.572 tpr@fpr10=0.244
[method:per_turn_max] auc=0.969 ci=[0.959,0.979] f1=0.819 acc=0.781 tpr@fpr10=0.950
[method:trajectory_mlp] auc=0.973 ci=[0.964,0.983] f1=0.926 acc=0.927 tpr@fpr10=0.952
[method:seq_gru] auc=0.971 ci=[0.960,0.980] f1=0.919 acc=0.920 tpr@fpr10=0.948
[early] K= 2  threshold=0.815  seq_gru=0.964  bar=0.717
[early] K= 4  threshold=0.806  seq_gru=0.969  bar=0.713
[early] K= 8  threshold=0.725  seq_gru=0.971  bar=0.642
[early] K=16  threshold=0.723  seq_gru=0.969  bar=0.599
[early] K=32  threshold=0.732  seq_gru=0.970  bar=0.594
[trajguard.ood] POOL-LIMITED: 274/class available after the p90 length cap; requested 400. This is an OOD probe, not the MAIN set.
[trajguard.ood] POOL-LIMITED: 274/class available after the p90 length cap; requested 400. This is an OOD probe, not the MAIN set.
Loading weights:   0%|          | 0/340 [00:00<?, ?it/s]Loading weights: 100%|██████████| 340/340 [00:00<00:00, 4285.11it/s]
[model] loaded models/google/gemma-3-1b-it on cuda (26 layers, hidden=1152)
[trajguard.ood] 20/548 captured
[trajguard.ood] 40/548 captured
[trajguard.ood] 60/548 captured
[trajguard.ood] 80/548 captured
[trajguard.ood] 100/548 captured
[trajguard.ood] 120/548 captured
[trajguard.ood] 140/548 captured
[trajguard.ood] 160/548 captured
[trajguard.ood] 180/548 captured
[trajguard.ood] 200/548 captured
[trajguard.ood] 220/548 captured
[trajguard.ood] 240/548 captured
[trajguard.ood] 260/548 captured
[trajguard.ood] 280/548 captured
[trajguard.ood] 300/548 captured
[trajguard.ood] 320/548 captured
[trajguard.ood] 340/548 captured
[trajguard.ood] 360/548 captured
[trajguard.ood] 380/548 captured
[trajguard.ood] 400/548 captured
[trajguard.ood] 420/548 captured
[trajguard.ood] 440/548 captured
[trajguard.ood] 460/548 captured
[trajguard.ood] 480/548 captured
[trajguard.ood] 500/548 captured
[trajguard.ood] 520/548 captured
[trajguard.ood] 540/548 captured
[ood] COMPLETION channel:
CONFOUND REPORT  n=548 (pos=274 neg=274) seed=0
  bar       raw       directionless detail
  length    0.3506    0.6494    mean pos=128.8 neg=157.6
  count     0.4316    0.5684    mean pos=33.1 neg=36.8
  content   0.9341    0.9341    5 folds
  shuffle   0.4910    0.5090    5 folds
  BINDING BAR: content = 0.9341  (a method must beat THIS, not 0.5)
  -- hidden-state geometry bars (this lesson's addition) --
  mean_norm 0.5390    0.5390    mean pos=6235.37 neg=6165.30
  final_norm 0.4652    0.5348    mean pos=5968.31 neg=6024.72
  BINDING BAR (all bars, shuffle excluded): content = 0.9341
[ood] PROMPT channel:
CONFOUND REPORT  n=548 (pos=274 neg=274) seed=0
  bar       raw       directionless detail
  length    0.5624    0.5624    mean pos=693.0 neg=666.5
  content   0.9873    0.9873    5 folds
  shuffle   0.4724    0.5276    5 folds
  BINDING BAR: content = 0.9873  (a method must beat THIS, not 0.5)
[ood:threshold_freeform] auc=0.567 ci=[0.520,0.616]
[ood:per_turn_max] auc=0.645 ci=[0.599,0.691]
[ood:trajectory_mlp] auc=0.555 ci=[0.507,0.603]
[ood:seq_gru] auc=0.677 ci=[0.631,0.720]
[write] C:\Users\evija\steeringresearch\steering_tutorials\trajguard\artifacts\results_overt.json

------------------------------------------------------------------------------
TRAJGUARD -- streaming decoding-time jailbreak detection (SCREENING TIER)
substrate=overt  -- toxicity==1 AND jailbreaking==0 (overtly toxic user input)
model=models/google/gemma-3-1b-it layer=12  harmful=500 benign=500  window=4 folds=5 seed=0 boot=10000
n/class: requested=500 effective=500 achieved=500 | pool_limited=False | rule1(>=500)=True | fingerprint=de4291e620f9
mean trajectory length: harmful=39.6 benign=38.5 tokens
CONFOUND BAR (completion channel): content = 0.9083 (directionless)
PROMPT-ONLY RIVAL (bag-of-words on the same prompts): AUC 0.8779
------------------------------------------------------------------------------
method                   AUC 95% CI              F1    ACC   TPR@10   vs CONF vs PROMPT
threshold_freeform     0.742 [0.71,0.77]       0.36   0.57     0.24    -0.166    -0.136
per_turn_max           0.969 [0.96,0.98]       0.82   0.78     0.95    +0.061    +0.091
trajectory_mlp         0.973 [0.96,0.98]       0.93   0.93     0.95    +0.065    +0.096
seq_gru                0.971 [0.96,0.98]       0.92   0.92     0.95    +0.062    +0.093
------------------------------------------------------------------------------
EARLY DETECTION -- out-of-fold AUC vs generated tokens seen (K), each against
the confound bar computed on the SAME first-K truncation:
K:                        2       4       8      16      32
threshold_freeform    0.815   0.806   0.725   0.723   0.732
seq_gru               0.964   0.969   0.971   0.969   0.970
first-K bar           0.717   0.713   0.642   0.599   0.594
------------------------------------------------------------------------------
PRE-REGISTERED FALSIFIERS (registered 2026-08-08, evaluated on this run):
  F0_shuffle_control                 HOLDS
  F1_drift_clears_bar                FAILS
  F2_decoding_beats_prompt           HOLDS
  F4_streaming_clears_its_own_bar    HOLDS
  F5_ood_transfers                   FAILS
------------------------------------------------------------------------------
OOD ARM -- jackhhao/jailbreak-classification (OOD (out-of-distribution transfer), NOT a MAIN set)
  threshold_freeform   auc=0.567
  per_turn_max         auc=0.645
  trajectory_mlp       auc=0.555
  seq_gru              auc=0.677
------------------------------------------------------------------------------
READ: threshold_freeform is the TRAINING-FREE sliding-window projection (the
paper's own method); per_turn_max is STATELESS (one token at a time, no
sequence); seq_gru/trajectory_mlp are the learned sequence detectors. If the
stateless baseline matches the sequence models, there is no TRAJECTORY signal
on this substrate -- only a per-token one.
CLAIM: a raw AUC is not a result. Two subtractions are mandatory -- 'vs CONF'
(the strongest trivial scalar) and 'vs PROMPT' (a bag-of-words classifier on
the prompt alone). The paper's claim is that decoding-time states beat the
prompt; only the 'vs PROMPT' column can support or refute it.
Screening tier (one model, one layer, one seed; label = prompt class).
------------------------------------------------------------------------------
